Command line invocation:
    /Applications/Xcode.app/Contents/Developer/usr/bin/xcodebuild -scheme TextEditor -destination platform=macOS,arch=arm64 build

2026-01-27 02:36:09.301 xcodebuild[22967:9730789] Error Domain=NSCocoaErrorDomain Code=3840 "JSON text did not start with array or object and option to allow fragments not set. around line 1, column 0." UserInfo={NSDebugDescription=JSON text did not start with array or object and option to allow fragments not set. around line 1, column 0., NSJSONSerializationErrorIndex=0}
2026-01-27 02:36:09.304 xcodebuild[22967:9730789] Writing error result bundle to /var/folders/4j/swvwk54x0dnfwyd02pdx4zbr0000gn/T/ResultBundle_2026-27-01_02-36-0009.xcresult
xcodebuild: error: Unable to read project 'TextEditor.xcodeproj'.
	Reason: The project ‘TextEditor’ is damaged and cannot be opened due to a parse error. Examine the project file for invalid edits or unresolved source control conflicts.

Path: /Users/michaelmartell/Desktop/Text-Editor/TextEditor/TextEditor.xcodeproj


